// Jest Snapshot v1, https://goo.gl/fbAQLP

exports[`<Loader /> should render Loader with icon 1`] = `
.c0 {
  z-index: 50;
  display: inline-block;
  position: relative;
  width: 80px;
  height: 80px;
}

.c0 div {
  position: absolute;
  top: 33px;
  width: 13px;
  height: 13px;
  border-radius: 50%;
  background: #ff5824;
  -webkit-animation-timing-function: cubic-bezier(0,1,1,0);
  animation-timing-function: cubic-bezier(0,1,1,0);
}

.c0 div:nth-child(1) {
  left: 8px;
  -webkit-animation: lds-ellipsis1 0.6s infinite;
  animation: lds-ellipsis1 0.6s infinite;
}

.c0 div:nth-child(2) {
  left: 8px;
  -webkit-animation: lds-ellipsis2 0.6s infinite;
  animation: lds-ellipsis2 0.6s infinite;
}

.c0 div:nth-child(3) {
  left: 32px;
  -webkit-animation: lds-ellipsis2 0.6s infinite;
  animation: lds-ellipsis2 0.6s infinite;
}

.c0 div:nth-child(4) {
  left: 56px;
  -webkit-animation: lds-ellipsis3 0.6s infinite;
  animation: lds-ellipsis3 0.6s infinite;
}

<div
  aria-label="loading"
  class="c0"
>
  <div />
  <div />
  <div />
  <div />
</div>
`;
